// Jest Snapshot v1, https://goo.gl/fbAQLP

exports[`RandomColor let's just pass Travis please 1`] = `
<div
  style={
    Object {
      "background": "",
      "border": "3px solid ",
      "display": "inline-block",
      "height": "20vh",
      "transition": "background .15s linear",
      "width": "20vh",
    }
  }
/>
`;
